
f:\WebDev\library-management\frontend>npx tsc --noEmit --pretty
components/ui/alert-dialog.tsx:15:53 - error TS1434: Unexpected keyword or identifier.

15 AlertDialogPortal.displayName = "AlertDialogPortal";ct from 'react';
                                                       ~~

components/ui/alert-dialog.tsx:15:56 - error TS1434: Unexpected keyword or identifier.

15 AlertDialogPortal.displayName = "AlertDialogPortal";ct from 'react';
                                                          ~~~~


Found 2 errors in the same file, starting at: components/ui/alert-dialog.tsx:15


f:\WebDev\library-management\frontend>